[mentorcruise.com/mentor/JakeStaTeresa/index.html]
[backblue.gif]
[fade.gif]
[index.html]
[cdn.mentorcruise.com/img/favicons/apple-touch-icon.png]
[cdn.mentorcruise.com/img/favicons/favicon-32x32.png]
[cdn.mentorcruise.com/img/favicons/favicon-16x16.png]
[maxcdn.bootstrapcdn.com/font-awesome/4.5.0/css/font-awesome.min.css]
[cdn.mentorcruise.com/css/mentorcruise.css]
[cdn.mentorcruise.com/css/bulma.css]
[cdn.mentorcruise.com/css/mentorcruise-v2.0.0.css]
[cdn.mentorcruise.com/css/styles.css]
[cdn.mentorcruise.com/css/tailwind.min.css]
[rsms.me/inter/inter.css]
[cdn.amplitude.com/libs/amplitude-5.8.0-min.gz.js]
[www.googleoptimize.com/optimize16f1.js]
[mentorcruise.com/cdn-cgi/challenge-platform/h/g/scripts/invisible.js]
[cdn.mentorcruise.com/css/bulma-tooltip.min.css]
[cdn.mentorcruise.com/css/slick-theme.css]
[cdn.mentorcruise.com/css/slick.css]
[cdn.mentorcruise.com/img/cruise_black_small.png]
[cdn.mentorcruise.com/cache/faa4adb5738082ce08c4acec5f1ff9b9/5aa6da80fa020ec4/0e50f38623d9ad010f4562c51ac51d88.jpg]
[cdn.mentorcruise.com/pinax-images/image-set-227/b4db4d9a-9150-412d-9bd0-c03142471e3f.jpg]
[cdn.mentorcruise.com/cache/5149c942be02299fe1caa5fd1f81124c/406a2cd66d4aaee9/c96d97a05a10d520df2958027c48f840.jpg]
[mentorcruise.com/mentor/JakeStaTeresa/apply/index0096.html]
[cdn.mentorcruise.com/cache/49521f2d3f91016d0775f9922fa71f50/bbca8355f7fdf2f5/4e42d1bcf420fcc6d2a028df35bdb7c7.jpg]
[cdn.mentorcruise.com/img/mentorcruiselogo.png]
[connect.facebook.net/en_US/fbevents.js]
[snap.licdn.com/li.lms-analytics/insight.min.js]
[script.tapfiliate.com/tapfiliate.js]
[cdn.abrankings.com/js/client.js]
[cdn.mentorcruise.com/js/jquery-3.2.1.min.js]
[cdn.mentorcruise.com/js/bulma.js]
[cdn.mentorcruise.com/js/readmore.min.js]
[cdn.mentorcruise.com/js/slick.min.js]
[mentorcruise.com/mentor/JakeStaTeresa/index.html]
[maxcdn.bootstrapcdn.com/font-awesome/4.5.0/css/font-awesome.min.css]
[cdn.mentorcruise.com/css/bulma.css]
[cdn.mentorcruise.com/css/mentorcruise.css]
[static.cloudflareinsights.com/beacon.min.js]
[cdn.mentorcruise.com/css/mentorcruise-v2.0.0.css]
[rsms.me/inter/inter-ui.css]
[cdn.mentorcruise.com/img/bg3.jpg]
[cdn.mentorcruise.com/css/styles.css]
[cdn.mentorcruise.com/css/tailwind.min.css]
[rsms.me/inter/font-files/Inter-Thin3535.woff2]
[rsms.me/inter/font-files/Inter-Thin3535.woff]
[rsms.me/inter/font-files/Inter-ThinItalic3535.woff2]
[rsms.me/inter/font-files/Inter-ThinItalic3535.woff]
[rsms.me/inter/font-files/Inter-ExtraLight3535.woff2]
[rsms.me/inter/font-files/Inter-ExtraLight3535.woff]
[rsms.me/inter/font-files/Inter-ExtraLightItalic3535.woff2]
[rsms.me/inter/font-files/Inter-ExtraLightItalic3535.woff]
[rsms.me/inter/font-files/Inter-Light3535.woff2]
[rsms.me/inter/font-files/Inter-Light3535.woff]
[rsms.me/inter/font-files/Inter-LightItalic3535.woff2]
[rsms.me/inter/font-files/Inter-LightItalic3535.woff]
[rsms.me/inter/font-files/Inter-Regular3535.woff2]
[rsms.me/inter/font-files/Inter-Regular3535.woff]
[rsms.me/inter/font-files/Inter-Italic3535.woff2]
[rsms.me/inter/font-files/Inter-Italic3535.woff]
[rsms.me/inter/font-files/Inter-Medium3535.woff2]
[rsms.me/inter/font-files/Inter-Medium3535.woff]
[rsms.me/inter/font-files/Inter-MediumItalic3535.woff2]
[rsms.me/inter/font-files/Inter-MediumItalic3535.woff]
[rsms.me/inter/font-files/Inter-SemiBold3535.woff2]
[rsms.me/inter/font-files/Inter-SemiBold3535.woff]
[rsms.me/inter/font-files/Inter-SemiBoldItalic3535.woff2]
[rsms.me/inter/font-files/Inter-SemiBoldItalic3535.woff]
[rsms.me/inter/font-files/Inter-Bold3535.woff2]
[rsms.me/inter/font-files/Inter-Bold3535.woff]
[rsms.me/inter/font-files/Inter-BoldItalic3535.woff2]
[rsms.me/inter/font-files/Inter-BoldItalic3535.woff]
[rsms.me/inter/font-files/Inter-ExtraBold3535.woff2]
[rsms.me/inter/font-files/Inter-ExtraBold3535.woff]
[rsms.me/inter/font-files/Inter-ExtraBoldItalic3535.woff2]
[rsms.me/inter/font-files/Inter-ExtraBoldItalic3535.woff]
[rsms.me/inter/font-files/Inter-Black3535.woff2]
[rsms.me/inter/font-files/Inter-Black3535.woff]
[rsms.me/inter/font-files/Inter-BlackItalic3535.woff2]
[rsms.me/inter/font-files/Inter-BlackItalic3535.woff]
[rsms.me/inter/font-files/Inter-roman.var3535.woff2]
[rsms.me/inter/font-files/Inter-italic.var3535.woff2]
[rsms.me/inter/font-files/Inter.var3535.woff2]
[rsms.me/inter/inter.css]
[cdn.mentorcruise.com/css/bulma-tooltip.min.css]
[cdn.mentorcruise.com/css/ajax-loader.gif]
[cdn.mentorcruise.com/css/fonts/slick.eot]
[cdn.mentorcruise.com/css/fonts/slickd41d.eot]
[cdn.mentorcruise.com/css/fonts/slick.woff]
[cdn.mentorcruise.com/css/fonts/slick.ttf]
[cdn.mentorcruise.com/css/slick-theme.css]
[cdn.mentorcruise.com/css/slick.css]
[cdn.mentorcruise.com/css/fonts/slick.svg]
[mentorcruise.com/mentor/JakeStaTeresa/apply/index0096.html]
[cdn.mentorcruise.com/css/bulma-steps.min.css]
[mentorcruise.com/mentor/JakeStaTeresa/c.html]
[mentorcruise.com/mentor/JakeStaTeresa/b.html]
[connect.facebook.net/en_US/fbevents.js]
[mentorcruise.com/mentor/JakeStaTeresa/POST.html]
[px.ads.linkedin.com/insight_tag_errorsd41d.gif]
[snap.licdn.com/li.lms-analytics/insight.min.js]
[rsms.me/inter/inter-ui.css]
[cdn.mentorcruise.com/css/fonts/slick.svg]
[cdn.mentorcruise.com/css/bulma-steps.min.css]
[cdn.mentorcruise.com/cache/aa8ffcfffad2b364b14b5f5de9c19a46/11af7c5f013b024d/60936cb1cff304ab926d37d364e85d6e.jpg]
[mentorcruise.com/mentor/JakeStaTeresa/c.html]
[cdn.mentorcruise.com/cache/68ebf8f66e8bea91d1574719d95980bb/3469c96723343e95/f55d3645faeb361e8681731e1147b6c5.jpg]
[cdn.mentorcruise.com/cache/1f0f2bc2c853ed57001c76a3406c643a/40f634ca34a70194/024468e3bcb375ed465ebacf6fb37cb2.jpg]
[mentorcruise.com/mentor/JakeStaTeresa/b.html]
[cdn.mentorcruise.com/cache/c3e218fa9b308aa0f34cf2c35f4cf448/1d7dec21478376bf/735ba4132048afe7a86eb2d5812e6708.jpg]
[mentorcruise.com/mentor/JakeStaTeresa/POST.html]
[static.ads-twitter.com/uwt.js]
